Grammar

    0 $accept: expr $end

    1 expr: INT BEGINN VAR ENDD
    2     | INT BEGINN expr ENDD


Terminals, with rules where they appear

$end (0) 0
error (256)
INT (258) 1 2
VAR (259) 1
BEGINN (260) 1 2
ENDD (261) 1 2


Nonterminals, with rules where they appear

$accept (7)
    on left: 0
expr (8)
    on left: 1 2, on right: 0 2


state 0

    0 $accept: . expr $end

    INT  shift, and go to state 1

    expr  go to state 2


state 1

    1 expr: INT . BEGINN VAR ENDD
    2     | INT . BEGINN expr ENDD

    BEGINN  shift, and go to state 3


state 2

    0 $accept: expr . $end

    $end  shift, and go to state 4


state 3

    1 expr: INT BEGINN . VAR ENDD
    2     | INT BEGINN . expr ENDD

    INT  shift, and go to state 1
    VAR  shift, and go to state 5

    expr  go to state 6


state 4

    0 $accept: expr $end .

    $default  accept


state 5

    1 expr: INT BEGINN VAR . ENDD

    ENDD  shift, and go to state 7


state 6

    2 expr: INT BEGINN expr . ENDD

    ENDD  shift, and go to state 8


state 7

    1 expr: INT BEGINN VAR ENDD .

    $default  reduce using rule 1 (expr)


state 8

    2 expr: INT BEGINN expr ENDD .

    $default  reduce using rule 2 (expr)
